exports[`Components Form Renders itself with children 1`] = `
<div
  onKeyUp={[Function]}>
  <div>
    Form children woot
  </div>
</div>
`;
