exports[`Components Form Renders a date input when type is set to date 1`] = `
<label
  className="Form-InputField-label"
  htmlFor="name">
  <input
    className="Form-InputField Form-InputField-date"
    id="name"
    onBlur={[Function]}
    onChange={[Function]}
    onFocus={[Function]}
    onKeyUp={[Function]}
    type="text"
    value="" />
</label>
`;

exports[`Components Form Renders a textarea when type is set to textarea 1`] = `
<label
  className="Form-InputField-label"
  htmlFor="name">
  <textarea
    className="Form-InputField Form-InputField-textarea"
    id="name"
    onBlur={[Function]}
    onChange={[Function]}
    onFocus={[Function]}
    onKeyUp={[Function]}
    value="" />
</label>
`;

exports[`Components Form Renders an input field with a label when label is given 1`] = `
<label
  className="Form-InputField-label"
  htmlFor="name">
  The label yo
  <input
    className="Form-InputField"
    id="name"
    onBlur={[Function]}
    onChange={[Function]}
    onFocus={[Function]}
    onKeyUp={[Function]}
    type="text"
    value="" />
</label>
`;

exports[`Components Form Renders an input field without a label 1`] = `
<label
  className="Form-InputField-label"
  htmlFor="name">
  <input
    className="Form-InputField"
    id="name"
    onBlur={[Function]}
    onChange={[Function]}
    onFocus={[Function]}
    onKeyUp={[Function]}
    type="text"
    value="" />
</label>
`;
